login as: vagrant
Authenticating with public key "imported-openssh-key" from agent
[vagrant@lvm ~]$ sudo -i
[root@lvm ~]# pvcreate /dev/sdb
  Physical volume "/dev/sdb" successfully created.
[root@lvm ~]# vgcreate vg_root /dev/sdb
  Volume group "vg_root" successfully created
[root@lvm ~]# lvcreate -n lv_root -l +100%FREE /dev/vg_root
  Logical volume "lv_root" created.
[root@lvm ~]# mkfs.xfs /dev/vg_root/lv_root
meta-data=/dev/vg_root/lv_root   isize=512    agcount=4, agsize=655104 blks
         =                       sectsz=512   attr=2, projid32bit=1
         =                       crc=1        finobt=0, sparse=0
data     =                       bsize=4096   blocks=2620416, imaxpct=25
         =                       sunit=0      swidth=0 blks
naming   =version 2              bsize=4096   ascii-ci=0 ftype=1
log      =internal log           bsize=4096   blocks=2560, version=2
         =                       sectsz=512   sunit=0 blks, lazy-count=1
realtime =none                   extsz=4096   blocks=0, rtextents=0
[root@lvm ~]#
[root@lvm ~]# mount /dev/vg_root/lv_root /mnt
[root@lvm ~]# xfsdump -J - /dev/VolGroup00/LogVol00 | xfsrestore -J - /mnt
-bash: xfsrestore: command not found
-bash: xfsdump: command not found
[root@lvm ~]# yum install xfsdump
Loaded plugins: fastestmirror
Loading mirror speeds from cached hostfile
 * base: mirror.docker.ru
 * extras: mirror.reconn.ru
 * updates: mirror.reconn.ru
Resolving Dependencies
--> Running transaction check
---> Package xfsdump.x86_64 0:3.1.7-1.el7 will be installed
--> Processing Dependency: attr >= 2.0.0 for package: xfsdump-3.1.7-1.el7.x86_64
--> Running transaction check
---> Package attr.x86_64 0:2.4.46-13.el7 will be installed
--> Finished Dependency Resolution

Dependencies Resolved

======================================================================================================================
 Package                    Arch                      Version                           Repository               Size
======================================================================================================================
Installing:
 xfsdump                    x86_64                    3.1.7-1.el7                       base                    308 k
Installing for dependencies:
 attr                       x86_64                    2.4.46-13.el7                     base                     66 k

Transaction Summary
======================================================================================================================
Install  1 Package (+1 Dependent package)

Total download size: 374 k
Installed size: 1.1 M
Is this ok [y/d/N]: y
Downloading packages:
(1/2): attr-2.4.46-13.el7.x86_64.rpm                                                           |  66 kB  00:00:00
(2/2): xfsdump-3.1.7-1.el7.x86_64.rpm                                                          | 308 kB  00:00:00
----------------------------------------------------------------------------------------------------------------------
Total                                                                                 1.4 MB/s | 374 kB  00:00:00
Running transaction check
Running transaction test
Transaction test succeeded
Running transaction
  Installing : attr-2.4.46-13.el7.x86_64                                                                          1/2
  Installing : xfsdump-3.1.7-1.el7.x86_64                                                                         2/2
  Verifying  : attr-2.4.46-13.el7.x86_64                                                                          1/2
  Verifying  : xfsdump-3.1.7-1.el7.x86_64                                                                         2/2

Installed:
  xfsdump.x86_64 0:3.1.7-1.el7

Dependency Installed:
  attr.x86_64 0:2.4.46-13.el7

Complete!
[root@lvm ~]# xfsdump -J - /dev/VolGroup00/LogVol00 | xfsrestore -J - /mnt
xfsrestore: using file dump (drive_simple) strategy
xfsrestore: version 3.1.7 (dump format 3.0)
xfsdump: using file dump (drive_simple) strategy
xfsdump: version 3.1.7 (dump format 3.0)
xfsdump: level 0 dump of lvm:/
xfsdump: dump date: Tue May 11 16:39:03 2021
xfsdump: session id: 5b9abafe-1637-41b7-bbef-c79a7d6245a7
xfsdump: session label: ""
xfsrestore: searching media for dump
xfsdump: ino map phase 1: constructing initial dump list
xfsdump: ino map phase 2: skipping (no pruning necessary)
xfsdump: ino map phase 3: skipping (only one dump stream)
xfsdump: ino map construction complete
xfsdump: estimated dump size: 768771904 bytes
xfsdump: creating dump session media file 0 (media 0, file 0)
xfsdump: dumping ino map
xfsdump: dumping directories
xfsrestore: examining media file 0
xfsrestore: dump description:
xfsrestore: hostname: lvm
xfsrestore: mount point: /
xfsrestore: volume: /dev/mapper/VolGroup00-LogVol00
xfsrestore: session time: Tue May 11 16:39:03 2021
xfsrestore: level: 0
xfsrestore: session label: ""
xfsrestore: media label: ""
xfsrestore: file system id: b60e9498-0baa-4d9f-90aa-069048217fee
xfsrestore: session id: 5b9abafe-1637-41b7-bbef-c79a7d6245a7
xfsrestore: media id: 55a726a4-abd4-497c-b3b3-a9b72edfd439
xfsrestore: searching media for directory dump
xfsrestore: reading directories
xfsdump: dumping non-directory files
xfsrestore: 2721 directories and 23676 entries processed
xfsrestore: directory post-processing
xfsrestore: restoring non-directory files
xfsdump: ending media file
xfsdump: media file size 745573696 bytes
xfsdump: dump size (non-dir files) : 732368688 bytes
xfsdump: dump complete: 11 seconds elapsed
xfsdump: Dump Status: SUCCESS
xfsrestore: restore complete: 12 seconds elapsed
xfsrestore: Restore Status: SUCCESS
[root@lvm ~]# ls /mnt
bin  boot  dev  etc  home  lib  lib64  media  mnt  opt  proc  root  run  sbin  srv  sys  tmp  usr  vagrant  var
[root@lvm ~]# for i in /proc/ /sys/ /dev/ /run/ /boot/; do mount --bind $i /mnt/$i; done
[root@lvm ~]# chroot /mnt/
[root@lvm /]# grub2-mkconfig -o /boot/grub2/grub.cfg
Generating grub configuration file ...
Found linux image: /boot/vmlinuz-3.10.0-862.2.3.el7.x86_64
Found initrd image: /boot/initramfs-3.10.0-862.2.3.el7.x86_64.img
done
[root@lvm /]# cd /boot ; for i in `ls initramfs-*img`; do dracut -v $i `echo $i|sed "s/initramfs-//g;
> s/.img//g"` --force; done
Executing: /sbin/dracut -v initramfs-3.10.0-862.2.3.el7.x86_64.img 3.10.0-862.2.3.el7.x86_64 --force
dracut module 'busybox' will not be installed, because command 'busybox' could not be found!
dracut module 'crypt' will not be installed, because command 'cryptsetup' could not be found!
dracut module 'dmraid' will not be installed, because command 'dmraid' could not be found!
dracut module 'dmsquash-live-ntfs' will not be installed, because command 'ntfs-3g' could not be found!
dracut module 'multipath' will not be installed, because command 'multipath' could not be found!
dracut module 'busybox' will not be installed, because command 'busybox' could not be found!
dracut module 'crypt' will not be installed, because command 'cryptsetup' could not be found!
dracut module 'dmraid' will not be installed, because command 'dmraid' could not be found!
dracut module 'dmsquash-live-ntfs' will not be installed, because command 'ntfs-3g' could not be found!
dracut module 'multipath' will not be installed, because command 'multipath' could not be found!
*** Including module: bash ***
*** Including module: nss-softokn ***
*** Including module: i18n ***
*** Including module: drm ***
*** Including module: plymouth ***
*** Including module: dm ***
Skipping udev rule: 64-device-mapper.rules
Skipping udev rule: 60-persistent-storage-dm.rules
Skipping udev rule: 55-dm.rules
*** Including module: kernel-modules ***
Omitting driver floppy
*** Including module: lvm ***
Skipping udev rule: 64-device-mapper.rules
Skipping udev rule: 56-lvm.rules
Skipping udev rule: 60-persistent-storage-lvm.rules
*** Including module: qemu ***
*** Including module: resume ***
*** Including module: rootfs-block ***
*** Including module: terminfo ***
*** Including module: udev-rules ***
Skipping udev rule: 40-redhat-cpu-hotplug.rules
Skipping udev rule: 91-permissions.rules
*** Including module: biosdevname ***
*** Including module: systemd ***
*** Including module: usrmount ***
*** Including module: base ***
*** Including module: fs-lib ***
*** Including module: shutdown ***
*** Including modules done ***
*** Installing kernel module dependencies and firmware ***
*** Installing kernel module dependencies and firmware done ***
*** Resolving executable dependencies ***
*** Resolving executable dependencies done***
*** Hardlinking files ***
*** Hardlinking files done ***
*** Stripping files ***
*** Stripping files done ***
*** Generating early-microcode cpio image contents ***
*** No early-microcode cpio image needed ***
*** Store current command line parameters ***
*** Creating image file ***
*** Creating image file done ***
*** Creating initramfs image file '/boot/initramfs-3.10.0-862.2.3.el7.x86_64.img' done ***
[root@lvm boot]# yum install nano
Loaded plugins: fastestmirror
Loading mirror speeds from cached hostfile
 * base: mirror.docker.ru
 * extras: mirror.reconn.ru
 * updates: mirror.reconn.ru
Resolving Dependencies
--> Running transaction check
---> Package nano.x86_64 0:2.3.1-10.el7 will be installed
--> Finished Dependency Resolution

Dependencies Resolved

======================================================================================================================
 Package                  Arch                       Version                           Repository                Size
======================================================================================================================
Installing:
 nano                     x86_64                     2.3.1-10.el7                      base                     440 k

Transaction Summary
======================================================================================================================
Install  1 Package

Total download size: 440 k
Installed size: 1.6 M
Is this ok [y/d/N]: y
Downloading packages:
nano-2.3.1-10.el7.x86_64.rpm                                                                   | 440 kB  00:00:00
Running transaction check
Running transaction test
Transaction test succeeded
Running transaction
  Installing : nano-2.3.1-10.el7.x86_64                                                                           1/1
  Verifying  : nano-2.3.1-10.el7.x86_64                                                                           1/1

Installed:
  nano.x86_64 0:2.3.1-10.el7

Complete!
[root@lvm boot]# nano /boot/grub2/grub.cfg
[root@lvm boot]# cp /boot/grub2/grub.cfg /home/vagrant
[root@lvm boot]# cp /boot/grub2/grub.cfg /home/vagrant/grub.cfg
cp: overwrite ‘/home/vagrant/grub.cfg’? y
[root@lvm boot]# ls /home/vagrant
grub.cfg
[root@lvm boot]# ls -la /home/vagrant
total 16
drwx------. 3 vagrant vagrant   90 May 11 16:43 .
drwxr-xr-x. 3 root    root      21 May 12  2018 ..
-rw-r--r--. 1 vagrant vagrant   18 Apr 11  2018 .bash_logout
-rw-r--r--. 1 vagrant vagrant  193 Apr 11  2018 .bash_profile
-rw-r--r--. 1 vagrant vagrant  231 Apr 11  2018 .bashrc
-rw-r--r--. 1 root    root    3658 May 11 16:44 grub.cfg
drwx------. 2 vagrant vagrant   29 May 11 16:34 .ssh
[root@lvm boot]# chown /home/vagrant/grub.cfg vagrant
chown: invalid user: ‘/home/vagrant/grub.cfg’
[root@lvm boot]# chown vagrant /home/vagrant/grub.cfg
[root@lvm boot]# ls -la /home/vagrant
total 16
drwx------. 3 vagrant vagrant   90 May 11 16:43 .
drwxr-xr-x. 3 root    root      21 May 12  2018 ..
-rw-r--r--. 1 vagrant vagrant   18 Apr 11  2018 .bash_logout
-rw-r--r--. 1 vagrant vagrant  193 Apr 11  2018 .bash_profile
-rw-r--r--. 1 vagrant vagrant  231 Apr 11  2018 .bashrc
-rw-r--r--. 1 vagrant root    3658 May 11 16:44 grub.cfg
drwx------. 2 vagrant vagrant   29 May 11 16:34 .ssh
[root@lvm boot]# chown vagrant:vagrant /home/vagrant/grub.cfg
[root@lvm boot]# ls -la /home/vagrant
total 16
drwx------. 3 vagrant vagrant   90 May 11 16:43 .
drwxr-xr-x. 3 root    root      21 May 12  2018 ..
-rw-r--r--. 1 vagrant vagrant   18 Apr 11  2018 .bash_logout
-rw-r--r--. 1 vagrant vagrant  193 Apr 11  2018 .bash_profile
-rw-r--r--. 1 vagrant vagrant  231 Apr 11  2018 .bashrc
-rw-r--r--. 1 vagrant vagrant 3658 May 11 16:44 grub.cfg
drwx------. 2 vagrant vagrant   29 May 11 16:34 .ssh
[root@lvm boot]# cd /home/vagrant
[root@lvm vagrant]# ls
grub.cfg
[root@lvm vagrant]# cd /root
[root@lvm ~]# nano /boot/grub2/grub.cfg
[root@lvm ~]# grep -c rd.lvm.lv /boot/grub2/grub.cfg
1
[root@lvm ~]# grep -n rd.lvm.lv /boot/grub2/grub.cfg
100:    linux16 /vmlinuz-3.10.0-862.2.3.el7.x86_64 root=/dev/mapper/vg_root-lv_root ro no_timer_check console=tty0 con                                                                                   sole=ttyS0,115200n8 net.ifnames=0 biosdevname=0 elevator=noop crashkernel=auto rd.lvm.lv=VolGroup00/LogVol00 rd.lvm.lv                                                                                   =VolGroup00/LogVol01 rhgb quiet
[root@lvm ~]# grep -n rd.lvm.lv /boot/grub2/grub.cfg
100:    linux16 /vmlinuz-3.10.0-862.2.3.el7.x86_64 root=/dev/mapper/vg_root-lv_root ro no_timer_check console=tty0 console=ttyS0,115200n8 net.ifnames=0 biosdevname=0 elevator=noop crashkernel=auto rd.lvm.lv=VolGroup00/LogVol00 rd.lvm.lv=VolGroup00/LogVol01 rhgb quiet
[root@lvm ~]# nano /boot/grub2/grub.cfg
[root@lvm ~]# o
bash: o: command not found
[root@lvm ~]# nano /boot/grub2/grub.cfg


[root@lvm ~]# reboot
login vagrant
Authenticating with public key "imported-openssh-key" from agent
Last login: Tue May 11 16:37:16 2021 from 10.0.2.2
[vagrant@lvm ~]$ sudi -i
-bash: sudi: command not found
[vagrant@lvm ~]$ sudo -i
[root@lvm ~]# clear
[root@lvm ~]# lsblk
NAME                    MAJ:MIN RM  SIZE RO TYPE MOUNTPOINT
sda                       8:0    0   40G  0 disk
├─sda1                    8:1    0    1M  0 part
├─sda2                    8:2    0    1G  0 part /boot
└─sda3                    8:3    0   39G  0 part
  ├─VolGroup00-LogVol01 253:1    0  1.5G  0 lvm  [SWAP]
  └─VolGroup00-LogVol00 253:2    0 37.5G  0 lvm
sdb                       8:16   0   10G  0 disk
└─vg_root-lv_root       253:0    0   10G  0 lvm  /
sdc                       8:32   0    2G  0 disk
sdd                       8:48   0    1G  0 disk
sde                       8:64   0    1G  0 disk
[root@lvm ~]#  lvremove /dev/VolGroup00/LogVol00
Do you really want to remove active logical volume VolGroup00/LogVol00? [y/n]: y
  Logical volume "LogVol00" successfully removed
[root@lvm ~]#  lvcreate -n VolGroup00/LogVol00 -L 8G /dev/VolGroup00
WARNING: xfs signature detected on /dev/VolGroup00/LogVol00 at offset 0. Wipe it? [y/n]: y
  Wiping xfs signature on /dev/VolGroup00/LogVol00.
  Logical volume "LogVol00" created.
[root@lvm ~]# mkfs.xfs /dev/VolGroup00/LogVol00
meta-data=/dev/VolGroup00/LogVol00 isize=512    agcount=4, agsize=524288 blks
         =                       sectsz=512   attr=2, projid32bit=1
         =                       crc=1        finobt=0, sparse=0
data     =                       bsize=4096   blocks=2097152, imaxpct=25
         =                       sunit=0      swidth=0 blks
naming   =version 2              bsize=4096   ascii-ci=0 ftype=1
log      =internal log           bsize=4096   blocks=2560, version=2
         =                       sectsz=512   sunit=0 blks, lazy-count=1
realtime =none                   extsz=4096   blocks=0, rtextents=0
[root@lvm ~]# mount /dev/VolGroup00/LogVol00 /mnt
[root@lvm ~]# xfsdump -J - /dev/vg_root/lv_root | xfsrestore -J - /mnt
xfsdump: using file dump (drive_simple) strategy
xfsdump: version 3.1.7 (dump format 3.0)
xfsdump: level 0 dump of lvm:/
xfsdump: dump date: Tue May 11 16:59:10 2021
xfsdump: session id: 6747d915-9c36-4fb3-9440-f9366e530045
xfsdump: session label: ""
xfsrestore: using file dump (drive_simple) strategy
xfsrestore: version 3.1.7 (dump format 3.0)
xfsrestore: searching media for dump
xfsdump: ino map phase 1: constructing initial dump list
xfsdump: ino map phase 2: skipping (no pruning necessary)
xfsdump: ino map phase 3: skipping (only one dump stream)
xfsdump: ino map construction complete
xfsdump: estimated dump size: 769528192 bytes
xfsdump: creating dump session media file 0 (media 0, file 0)
xfsdump: dumping ino map
xfsdump: dumping directories
xfsrestore: examining media file 0
xfsrestore: dump description:
xfsrestore: hostname: lvm
xfsrestore: mount point: /
xfsrestore: volume: /dev/mapper/vg_root-lv_root
xfsrestore: session time: Tue May 11 16:59:10 2021
xfsrestore: level: 0
xfsrestore: session label: ""
xfsrestore: media label: ""
xfsrestore: file system id: cb9f702b-8e8d-432b-b6d8-2bd2543d4303
xfsrestore: session id: 6747d915-9c36-4fb3-9440-f9366e530045
xfsrestore: media id: 8c5415ef-6583-42de-94dd-eb26da280c69
xfsrestore: searching media for directory dump
xfsrestore: reading directories
xfsdump: dumping non-directory files
xfsrestore: 2764 directories and 23825 entries processed
xfsrestore: directory post-processing
xfsrestore: restoring non-directory files
xfsdump: ending media file
xfsdump: media file size 746104808 bytes
xfsdump: dump size (non-dir files) : 732802504 bytes
xfsdump: dump complete: 11 seconds elapsed
xfsdump: Dump Status: SUCCESS
xfsrestore: restore complete: 11 seconds elapsed
xfsrestore: Restore Status: SUCCESS
[root@lvm ~]# for i in /proc/ /sys/ /dev/ /run/ /boot/; do mount --bind $i /mnt/$i; done
[root@lvm ~]# chroot /mnt/
[root@lvm /]# grub2-mkconfig -o /boot/grub2/grub.cfg
Generating grub configuration file ...
Found linux image: /boot/vmlinuz-3.10.0-862.2.3.el7.x86_64
Found initrd image: /boot/initramfs-3.10.0-862.2.3.el7.x86_64.img
done
[root@lvm /]# cd /boot ; for i in `ls initramfs-*img`; do dracut -v $i `echo $i|sed "s/initramfs-//g;
> s/.img//g"` --force; done
Executing: /sbin/dracut -v initramfs-3.10.0-862.2.3.el7.x86_64.img 3.10.0-862.2.3.el7.x86_64 --force
dracut module 'busybox' will not be installed, because command 'busybox' could not be found!
dracut module 'crypt' will not be installed, because command 'cryptsetup' could not be found!
dracut module 'dmraid' will not be installed, because command 'dmraid' could not be found!
dracut module 'dmsquash-live-ntfs' will not be installed, because command 'ntfs-3g' could not be found!
dracut module 'multipath' will not be installed, because command 'multipath' could not be found!
dracut module 'busybox' will not be installed, because command 'busybox' could not be found!
dracut module 'crypt' will not be installed, because command 'cryptsetup' could not be found!
dracut module 'dmraid' will not be installed, because command 'dmraid' could not be found!
dracut module 'dmsquash-live-ntfs' will not be installed, because command 'ntfs-3g' could not be found!
dracut module 'multipath' will not be installed, because command 'multipath' could not be found!
*** Including module: bash ***
*** Including module: nss-softokn ***
*** Including module: i18n ***
*** Including module: drm ***
*** Including module: plymouth ***
*** Including module: dm ***
Skipping udev rule: 64-device-mapper.rules
Skipping udev rule: 60-persistent-storage-dm.rules
Skipping udev rule: 55-dm.rules
*** Including module: kernel-modules ***
Omitting driver floppy
*** Including module: lvm ***
Skipping udev rule: 64-device-mapper.rules
Skipping udev rule: 56-lvm.rules
Skipping udev rule: 60-persistent-storage-lvm.rules
*** Including module: qemu ***
*** Including module: resume ***
*** Including module: rootfs-block ***
*** Including module: terminfo ***
*** Including module: udev-rules ***
Skipping udev rule: 40-redhat-cpu-hotplug.rules
Skipping udev rule: 91-permissions.rules
*** Including module: biosdevname ***
*** Including module: systemd ***
*** Including module: usrmount ***
*** Including module: base ***
*** Including module: fs-lib ***
*** Including module: shutdown ***
*** Including modules done ***
*** Installing kernel module dependencies and firmware ***
*** Installing kernel module dependencies and firmware done ***
*** Resolving executable dependencies ***
*** Resolving executable dependencies done***
*** Hardlinking files ***
*** Hardlinking files done ***
*** Stripping files ***
*** Stripping files done ***
*** Generating early-microcode cpio image contents ***
*** No early-microcode cpio image needed ***
*** Store current command line parameters ***
*** Creating image file ***
*** Creating image file done ***
*** Creating initramfs image file '/boot/initramfs-3.10.0-862.2.3.el7.x86_64.img' done ***
[root@lvm boot]# pvcreate /dev/sdc /dev/sdd
  Physical volume "/dev/sdc" successfully created.
  Physical volume "/dev/sdd" successfully created.
[root@lvm boot]# vgcreate vg_var /dev/sdc /dev/sdd
  Volume group "vg_var" successfully created
[root@lvm boot]# lvcreate -L 950M -m1 -n lv_var vg_var
  Rounding up size to full physical extent 952.00 MiB
  Logical volume "lv_var" created.
[root@lvm boot]# mkfs.ext4 /dev/vg_var/lv_var
mke2fs 1.42.9 (28-Dec-2013)
Filesystem label=
OS type: Linux
Block size=4096 (log=2)
Fragment size=4096 (log=2)
Stride=0 blocks, Stripe width=0 blocks
60928 inodes, 243712 blocks
12185 blocks (5.00%) reserved for the super user
First data block=0
Maximum filesystem blocks=249561088
8 block groups
32768 blocks per group, 32768 fragments per group
7616 inodes per group
Superblock backups stored on blocks:
        32768, 98304, 163840, 229376

Allocating group tables: done
Writing inode tables: done
Creating journal (4096 blocks): done
Writing superblocks and filesystem accounting information: done

[root@lvm boot]# mount /dev/vg_var/lv_var /mnt
[root@lvm boot]# cp -aR /var/* /mnt/ # rsync -avHPSAX /var/ /mnt/
[root@lvm boot]# mkdir /tmp/oldvar && mv /var/* /tmp/oldvar
[root@lvm boot]#  umount /mnt
[root@lvm boot]# mount /dev/vg_var/lv_var /var
[root@lvm boot]# echo "`blkid | grep var: | awk '{print $2}'` /var ext4 defaults 0 0" >> /etc/fstab
[root@lvm boot]# lvremove /dev/vg_root/lv_root
  Logical volume vg_root/lv_root contains a filesystem in use.
[root@lvm boot]# vgremove /dev/vg_root
Do you really want to remove volume group "vg_root" containing 1 logical volumes? [y/n]: y
  Logical volume vg_root/lv_root contains a filesystem in use.
[root@lvm boot]# pvremove /dev/sdb
  Can't open /dev/sdb exclusively.  Mounted filesystem?
[root@lvm boot]# pvremove /dev/sdb
  Can't open /dev/sdb exclusively.  Mounted filesystem?
[root@lvm boot]# lvcreate -n LogVol_Home -L 2G /dev/VolGroup00
  Logical volume "LogVol_Home" created.
[root@lvm boot]# mkfs.xfs /dev/VolGroup00/LogVol_Home
meta-data=/dev/VolGroup00/LogVol_Home isize=512    agcount=4, agsize=131072 blks
         =                       sectsz=512   attr=2, projid32bit=1
         =                       crc=1        finobt=0, sparse=0
data     =                       bsize=4096   blocks=524288, imaxpct=25
         =                       sunit=0      swidth=0 blks
naming   =version 2              bsize=4096   ascii-ci=0 ftype=1
log      =internal log           bsize=4096   blocks=2560, version=2
         =                       sectsz=512   sunit=0 blks, lazy-count=1
realtime =none                   extsz=4096   blocks=0, rtextents=0
[root@lvm boot]# mount /dev/VolGroup00/LogVol_Home /mnt/
[root@lvm boot]# cp -aR /home/* /mnt/
[root@lvm boot]# rm -rf /home/*
[root@lvm boot]# umount /mnt
[root@lvm boot]# mount /dev/VolGroup00/LogVol_Home /home/
[root@lvm boot]# echo "`blkid | grep Home | awk '{print $2}'` /home xfs defaults 0 0" >> /etc/fstab
[root@lvm boot]# touch /home/file{1..20}
[root@lvm boot]#  lvcreate -L 100MB -s -n home_snap /dev/VolGroup00/LogVol_Home
  Rounding up size to full physical extent 128.00 MiB
  Logical volume "home_snap" created.
[root@lvm boot]# rm -f /home/file{11..20}
[root@lvm boot]# ll /home
total 0
-rw-r--r--. 1 root    root     0 May 11 17:03 file1
-rw-r--r--. 1 root    root     0 May 11 17:03 file10
-rw-r--r--. 1 root    root     0 May 11 17:03 file2
-rw-r--r--. 1 root    root     0 May 11 17:03 file3
-rw-r--r--. 1 root    root     0 May 11 17:03 file4
-rw-r--r--. 1 root    root     0 May 11 17:03 file5
-rw-r--r--. 1 root    root     0 May 11 17:03 file6
-rw-r--r--. 1 root    root     0 May 11 17:03 file7
-rw-r--r--. 1 root    root     0 May 11 17:03 file8
-rw-r--r--. 1 root    root     0 May 11 17:03 file9
drwx------. 3 vagrant vagrant 90 May 11 16:43 vagrant
[root@lvm boot]# umount /home
[root@lvm boot]# lvconvert --merge /dev/VolGroup00/home_snap
  Merging of volume VolGroup00/home_snap started.
  VolGroup00/LogVol_Home: Merged: 100.00%
[root@lvm boot]# mount /home
[root@lvm boot]# ll /home
total 0
-rw-r--r--. 1 root    root     0 May 11 17:03 file1
-rw-r--r--. 1 root    root     0 May 11 17:03 file10
-rw-r--r--. 1 root    root     0 May 11 17:03 file11
-rw-r--r--. 1 root    root     0 May 11 17:03 file12
-rw-r--r--. 1 root    root     0 May 11 17:03 file13
-rw-r--r--. 1 root    root     0 May 11 17:03 file14
-rw-r--r--. 1 root    root     0 May 11 17:03 file15
-rw-r--r--. 1 root    root     0 May 11 17:03 file16
-rw-r--r--. 1 root    root     0 May 11 17:03 file17
-rw-r--r--. 1 root    root     0 May 11 17:03 file18
-rw-r--r--. 1 root    root     0 May 11 17:03 file19
-rw-r--r--. 1 root    root     0 May 11 17:03 file2
-rw-r--r--. 1 root    root     0 May 11 17:03 file20
-rw-r--r--. 1 root    root     0 May 11 17:03 file3
-rw-r--r--. 1 root    root     0 May 11 17:03 file4
-rw-r--r--. 1 root    root     0 May 11 17:03 file5
-rw-r--r--. 1 root    root     0 May 11 17:03 file6
-rw-r--r--. 1 root    root     0 May 11 17:03 file7
-rw-r--r--. 1 root    root     0 May 11 17:03 file8
-rw-r--r--. 1 root    root     0 May 11 17:03 file9
drwx------. 3 vagrant vagrant 90 May 11 16:43 vagrant
[root@lvm boot]#reboot

login as: vagrant
Authenticating with public key "imported-openssh-key" from agent
Last login: Tue May 11 16:55:12 2021 from 10.0.2.2
[vagrant@lvm ~]$ lsblk
NAME                       MAJ:MIN RM  SIZE RO TYPE MOUNTPOINT
sda                          8:0    0   10G  0 disk
└─vg_root-lv_root          253:2    0   10G  0 lvm
sdb                          8:16   0    2G  0 disk
├─vg_var-lv_var_rmeta_0    253:3    0    4M  0 lvm
│ └─vg_var-lv_var          253:8    0  952M  0 lvm  /var
└─vg_var-lv_var_rimage_0   253:4    0  952M  0 lvm
  └─vg_var-lv_var          253:8    0  952M  0 lvm  /var
sdc                          8:32   0    1G  0 disk
├─vg_var-lv_var_rmeta_1    253:6    0    4M  0 lvm
│ └─vg_var-lv_var          253:8    0  952M  0 lvm  /var
└─vg_var-lv_var_rimage_1   253:7    0  952M  0 lvm
  └─vg_var-lv_var          253:8    0  952M  0 lvm  /var
sdd                          8:48   0    1G  0 disk
sde                          8:64   0   40G  0 disk
├─sde1                       8:65   0    1M  0 part
├─sde2                       8:66   0    1G  0 part /boot
└─sde3                       8:67   0   39G  0 part
  ├─VolGroup00-LogVol00    253:0    0    8G  0 lvm  /
  ├─VolGroup00-LogVol01    253:1    0  1.5G  0 lvm  [SWAP]
  └─VolGroup00-LogVol_Home 253:5    0    2G  0 lvm  /home
[vagrant@lvm ~]$

